
Allocating common symbols
Common symbol       size              file

idt_ptr             0x6               kernel/global.o
waitingCustomersQueue
                    0x25              kernel/global.o
CHAIRS              0x4               kernel/global.o
task_stack          0x38000           kernel/global.o
k_reenter           0x4               kernel/global.o
gdt                 0x400             kernel/global.o
tty_table           0xc30             kernel/global.o
tss                 0x68              kernel/global.o
customers           0x30              kernel/global.o
nr_current_console  0x4               kernel/global.o
mutex               0x30              kernel/global.o
waiting             0x4               kernel/global.o
disp_pos            0x4               kernel/global.o
gdt_ptr             0x6               kernel/global.o
idt                 0x800             kernel/global.o
customerID          0x4               kernel/global.o
ticks               0x4               kernel/global.o
console_table       0x30              kernel/global.o
irq_table           0x40              kernel/global.o
p_proc_ready        0x4               kernel/global.o
proc_table          0x459             kernel/global.o
barbers             0x30              kernel/global.o
current_proc        0x4               kernel/global.o

Discarded input sections

 .note.GNU-stack
                0x0000000000000000        0x0 kernel/start.o
 .note.GNU-stack
                0x0000000000000000        0x0 kernel/main.o
 .note.GNU-stack
                0x0000000000000000        0x0 kernel/clock.o
 .note.GNU-stack
                0x0000000000000000        0x0 kernel/keyboard.o
 .note.GNU-stack
                0x0000000000000000        0x0 kernel/tty.o
 .note.GNU-stack
                0x0000000000000000        0x0 kernel/console.o
 .note.GNU-stack
                0x0000000000000000        0x0 kernel/i8259.o
 .note.GNU-stack
                0x0000000000000000        0x0 kernel/global.o
 .note.GNU-stack
                0x0000000000000000        0x0 kernel/protect.o
 .note.GNU-stack
                0x0000000000000000        0x0 kernel/proc.o
 .note.GNU-stack
                0x0000000000000000        0x0 kernel/systask.o
 .note.GNU-stack
                0x0000000000000000        0x0 kernel/printf.o
 .note.GNU-stack
                0x0000000000000000        0x0 kernel/vsprintf.o
 .note.GNU-stack
                0x0000000000000000        0x0 kernel/queue.o
 .note.GNU-stack
                0x0000000000000000        0x0 lib/klib.o
 .note.GNU-stack
                0x0000000000000000        0x0 lib/misc.o

Memory Configuration

Name             Origin             Length             Attributes
*default*        0x0000000000000000 0xffffffffffffffff

Linker script and memory map

Address of section .text set to 0x30400
LOAD kernel/kernel.o
LOAD kernel/syscall.o
LOAD kernel/start.o
LOAD kernel/main.o
LOAD kernel/clock.o
LOAD kernel/keyboard.o
LOAD kernel/tty.o
LOAD kernel/console.o
LOAD kernel/i8259.o
LOAD kernel/global.o
LOAD kernel/protect.o
LOAD kernel/proc.o
LOAD kernel/systask.o
LOAD kernel/printf.o
LOAD kernel/vsprintf.o
LOAD kernel/queue.o
LOAD lib/kliba.o
LOAD lib/klib.o
LOAD lib/string.o
LOAD lib/misc.o
                0x0000000008048000                PROVIDE (__executable_start, 0x8048000)
                0x0000000008048094                . = (0x8048000 + SIZEOF_HEADERS)

.interp
 *(.interp)

.note.gnu.build-id
 *(.note.gnu.build-id)

.hash
 *(.hash)

.gnu.hash
 *(.gnu.hash)

.dynsym
 *(.dynsym)

.dynstr
 *(.dynstr)

.gnu.version
 *(.gnu.version)

.gnu.version_d
 *(.gnu.version_d)

.gnu.version_r
 *(.gnu.version_r)

.rel.dyn        0x0000000008048094        0x0
 *(.rel.init)
 *(.rel.text .rel.text.* .rel.gnu.linkonce.t.*)
 .rel.text      0x0000000000000000        0x0 kernel/kernel.o
 *(.rel.fini)
 *(.rel.rodata .rel.rodata.* .rel.gnu.linkonce.r.*)
 *(.rel.data.rel.ro .rel.data.rel.ro.* .rel.gnu.linkonce.d.rel.ro.*)
 *(.rel.data .rel.data.* .rel.gnu.linkonce.d.*)
 .rel.data      0x0000000000000000        0x0 kernel/kernel.o
 *(.rel.tdata .rel.tdata.* .rel.gnu.linkonce.td.*)
 *(.rel.tbss .rel.tbss.* .rel.gnu.linkonce.tb.*)
 *(.rel.ctors)
 *(.rel.dtors)
 *(.rel.got)
 *(.rel.bss .rel.bss.* .rel.gnu.linkonce.b.*)
 *(.rel.ifunc)

.rel.plt        0x0000000008048094        0x0
 *(.rel.plt)
                0x0000000008048094                PROVIDE (__rel_iplt_start, .)
 *(.rel.iplt)
 .rel.iplt      0x0000000000000000        0x0 kernel/kernel.o
                0x0000000008048094                PROVIDE (__rel_iplt_end, .)

.init
 *(SORT(.init))

.plt            0x00000000080480a0        0x0
 *(.plt)
 *(.iplt)
 .iplt          0x0000000000000000        0x0 kernel/kernel.o

.text           0x0000000000030400     0x45a9
 *(.text.unlikely .text.*_unlikely .text.unlikely.*)
 *(.text.exit .text.exit.*)
 *(.text.startup .text.startup.*)
 *(.text.hot .text.hot.*)
 *(.text .stub .text.* .gnu.linkonce.t.*)
 .text          0x0000000000030400      0x317 kernel/kernel.o
                0x0000000000030400                _start
                0x0000000000030440                hwint00
                0x0000000000030470                hwint01
                0x00000000000304a0                hwint02
                0x00000000000304d0                hwint03
                0x0000000000030500                hwint04
                0x0000000000030530                hwint05
                0x0000000000030560                hwint06
                0x0000000000030590                hwint07
                0x00000000000305c0                hwint08
                0x00000000000305d0                hwint09
                0x00000000000305e0                hwint10
                0x00000000000305f0                hwint11
                0x0000000000030600                hwint12
                0x0000000000030610                hwint13
                0x0000000000030620                hwint14
                0x0000000000030630                hwint15
                0x000000000003063b                divide_error
                0x0000000000030641                single_step_exception
                0x0000000000030647                nmi
                0x000000000003064d                breakpoint_exception
                0x0000000000030653                overflow
                0x0000000000030659                bounds_check
                0x000000000003065f                inval_opcode
                0x0000000000030665                copr_not_available
                0x000000000003066b                double_fault
                0x000000000003066f                copr_seg_overrun
                0x0000000000030675                inval_tss
                0x0000000000030679                segment_not_present
                0x000000000003067d                stack_exception
                0x0000000000030681                general_protection
                0x0000000000030685                page_fault
                0x0000000000030689                copr_error
                0x00000000000306d2                sys_call
                0x00000000000306f2                restart
 *fill*         0x0000000000030717        0x9 
 .text          0x0000000000030720       0x58 kernel/syscall.o
                0x0000000000030720                printx
                0x000000000003072c                sendrec
                0x0000000000030740                process_sleep
                0x000000000003074c                new_disp_str
                0x0000000000030758                sem_p
                0x0000000000030764                sem_v
                0x0000000000030770                get_ticks
 .text          0x0000000000030778       0x8e kernel/start.o
                0x0000000000030778                cstart
 .text          0x0000000000030806      0x59a kernel/main.o
                0x0000000000030806                kernel_main
                0x0000000000030b28                cutHair
                0x0000000000030bbd                barberAction
                0x0000000000030c23                customerAction
                0x0000000000030d02                TestA
                0x0000000000030d07                TestB
                0x0000000000030d14                TestC
                0x0000000000030d28                TestD
                0x0000000000030d3c                TestE
                0x0000000000030d50                panic
 .text          0x0000000000030da0       0xde kernel/clock.o
                0x0000000000030da0                clock_handler
                0x0000000000030de1                milli_delay
                0x0000000000030e1a                init_clock
 .text          0x0000000000030e7e      0x641 kernel/keyboard.o
                0x0000000000030e7e                keyboard_handler
                0x0000000000030eda                init_keyboard
                0x0000000000030f43                keyboard_read
 .text          0x00000000000314bf      0x4ec kernel/tty.o
                0x00000000000314bf                task_tty
                0x000000000003155d                in_process
                0x00000000000317b2                tty_write
                0x00000000000317f6                sys_printx
 .text          0x00000000000319ab      0x430 kernel/console.o
                0x00000000000319ab                init_screen
                0x0000000000031afd                is_current_console
                0x0000000000031b18                out_char
                0x0000000000031d43                select_console
                0x0000000000031d74                scroll_screen
 .text          0x0000000000031ddb      0x13c kernel/i8259.o
                0x0000000000031ddb                init_8259A
                0x0000000000031ecc                spurious_irq
                0x0000000000031ef7                put_irq_handler
 .text          0x0000000000031f17        0x0 kernel/global.o
 .text          0x0000000000031f17      0x7e9 kernel/protect.o
                0x0000000000031f17                init_prot
                0x0000000000032518                seg2phys
                0x00000000000325d3                exception_handler
 .text          0x0000000000032700     0x1a1f kernel/proc.o
                0x0000000000032700                schedule
                0x000000000003278b                scheduleWithSleep
                0x0000000000032850                sys_sendrec
                0x00000000000329ac                send_recv
                0x0000000000032a8c                sys_process_sleep
                0x0000000000032add                sys_new_disp_str
                0x0000000000032af0                sys_sem_p
                0x0000000000032b38                sys_sem_v
                0x0000000000032ba8                sys_get_ticks
                0x0000000000032bb2                ldt_seg_linear
                0x0000000000032bfc                va2la
                0x0000000000032c6b                reset_msg
                0x0000000000033c0b                dump_proc
                0x0000000000033fd8                dump_msg
 .text          0x000000000003411f       0x62 kernel/systask.o
                0x000000000003411f                task_sys
 .text          0x0000000000034181       0x4f kernel/printf.o
                0x0000000000034181                printf
 .text          0x00000000000341d0      0x318 kernel/vsprintf.o
                0x0000000000034233                vsprintf
                0x00000000000344be                sprintf
 .text          0x00000000000344e8      0x1d6 kernel/queue.o
                0x00000000000344e8                initQueue
                0x0000000000034544                enQueue
                0x00000000000345a9                deQueue
                0x0000000000034606                printQueue
 *fill*         0x00000000000346be        0x2 
 .text          0x00000000000346c0       0xeb lib/kliba.o
                0x00000000000346c0                disp_str
                0x00000000000346fe                disp_color_str
                0x000000000003473d                out_byte
                0x0000000000034749                in_byte
                0x0000000000034753                disable_irq
                0x0000000000034788                enable_irq
                0x00000000000347a7                disable_int
                0x00000000000347a9                enable_int
 .text          0x00000000000347ab      0x116 lib/klib.o
                0x00000000000347ab                itoa
                0x0000000000034856                disp_int
                0x000000000003487b                delay
 *fill*         0x00000000000348c1        0xf 
 .text          0x00000000000348d0       0x78 lib/string.o
                0x00000000000348d0                memcpy
                0x00000000000348f9                memset
                0x000000000003491a                strcpy
                0x0000000000034932                strlen
 .text          0x0000000000034948       0x61 lib/misc.o
                0x0000000000034948                spin
                0x0000000000034963                assertion_failure
 *(.gnu.warning)

.fini
 *(SORT(.fini))
                0x00000000000349a9                PROVIDE (__etext, .)
                0x00000000000349a9                PROVIDE (_etext, .)
                0x00000000000349a9                PROVIDE (etext, .)

.rodata         0x00000000000349c0      0xe59
 *(.rodata .rodata.* .gnu.linkonce.r.*)
 .rodata        0x00000000000349c0       0x47 kernel/start.o
 *fill*         0x0000000000034a07        0x1 
 .rodata        0x0000000000034a08      0x106 kernel/main.o
 *fill*         0x0000000000034b0e        0x2 
 .rodata        0x0000000000034b10       0x64 kernel/keyboard.o
 .rodata        0x0000000000034b74       0x90 kernel/tty.o
 .rodata        0x0000000000034c04       0x11 kernel/i8259.o
 *fill*         0x0000000000034c15        0xb 
 .rodata        0x0000000000034c20      0x540 kernel/protect.o
 .rodata        0x0000000000035160      0x5fe kernel/proc.o
 .rodata        0x000000000003575e       0x11 kernel/systask.o
 *fill*         0x000000000003576f        0x1 
 .rodata        0x0000000000035770       0x48 kernel/queue.o
 .rodata        0x00000000000357b8       0x61 lib/misc.o

.rodata1
 *(.rodata1)

.eh_frame_hdr
 *(.eh_frame_hdr)

.eh_frame       0x000000000003581c      0x9f8
 *(.eh_frame)
 .eh_frame      0x000000000003581c       0x38 kernel/start.o
 .eh_frame      0x0000000000035854      0x130 kernel/main.o
                                        0x148 (size before relaxing)
 .eh_frame      0x0000000000035984       0x60 kernel/clock.o
                                         0x78 (size before relaxing)
 .eh_frame      0x00000000000359e4       0xe0 kernel/keyboard.o
                                         0xf8 (size before relaxing)
 .eh_frame      0x0000000000035ac4       0xfc kernel/tty.o
                                        0x114 (size before relaxing)
 .eh_frame      0x0000000000035bc0      0x100 kernel/console.o
                                        0x118 (size before relaxing)
 .eh_frame      0x0000000000035cc0       0x60 kernel/i8259.o
                                         0x78 (size before relaxing)
 .eh_frame      0x0000000000035d20       0xb0 kernel/protect.o
                                         0xc8 (size before relaxing)
 .eh_frame      0x0000000000035dd0      0x280 kernel/proc.o
                                        0x298 (size before relaxing)
 .eh_frame      0x0000000000036050       0x1c kernel/systask.o
                                         0x34 (size before relaxing)
 .eh_frame      0x000000000003606c       0x20 kernel/printf.o
                                         0x38 (size before relaxing)
 .eh_frame      0x000000000003608c       0x68 kernel/vsprintf.o
                                         0x80 (size before relaxing)
 .eh_frame      0x00000000000360f4       0x84 kernel/queue.o
                                         0x9c (size before relaxing)
 .eh_frame      0x0000000000036178       0x60 lib/klib.o
                                         0x78 (size before relaxing)
 .eh_frame      0x00000000000361d8       0x3c lib/misc.o
                                         0x54 (size before relaxing)

.gcc_except_table
 *(.gcc_except_table .gcc_except_table.*)

.exception_ranges
 *(.exception_ranges .exception_ranges*)
                0x0000000000036214                . = (ALIGN (0x1000) - ((0x1000 - .) & 0xfff))
                0x0000000000037000                . = DATA_SEGMENT_ALIGN (0x1000, 0x1000)

.eh_frame
 *(.eh_frame)

.gcc_except_table
 *(.gcc_except_table .gcc_except_table.*)

.exception_ranges
 *(.exception_ranges .exception_ranges*)

.tdata
 *(.tdata .tdata.* .gnu.linkonce.td.*)

.tbss
 *(.tbss .tbss.* .gnu.linkonce.tb.*)
 *(.tcommon)

.preinit_array  0x0000000000037000        0x0
                0x0000000000037000                PROVIDE (__preinit_array_start, .)
 *(.preinit_array)
                0x0000000000037000                PROVIDE (__preinit_array_end, .)

.init_array     0x0000000000037000        0x0
                0x0000000000037000                PROVIDE (__init_array_start, .)
 *(SORT(.init_array.*) SORT(.ctors.*))
 *(.init_array EXCLUDE_FILE(*crtend?.o *crtend.o *crtbegin?.o *crtbegin.o) .ctors)
                0x0000000000037000                PROVIDE (__init_array_end, .)

.fini_array     0x0000000000037000        0x0
                0x0000000000037000                PROVIDE (__fini_array_start, .)
 *(SORT(.fini_array.*) SORT(.dtors.*))
 *(.fini_array EXCLUDE_FILE(*crtend?.o *crtend.o *crtbegin?.o *crtbegin.o) .dtors)
                0x0000000000037000                PROVIDE (__fini_array_end, .)

.ctors
 *crtbegin.o(.ctors)
 *crtbegin?.o(.ctors)
 *(EXCLUDE_FILE(*crtend?.o *crtend.o) .ctors)
 *(SORT(.ctors.*))
 *(.ctors)

.dtors
 *crtbegin.o(.dtors)
 *crtbegin?.o(.dtors)
 *(EXCLUDE_FILE(*crtend?.o *crtend.o) .dtors)
 *(SORT(.dtors.*))
 *(.dtors)

.jcr
 *(.jcr)

.data.rel.ro
 *(.data.rel.ro.local* .gnu.linkonce.d.rel.ro.local.*)
 *(.data.rel.ro .data.rel.ro.* .gnu.linkonce.d.rel.ro.*)

.dynamic
 *(.dynamic)

.got
 *(.got)
 *(.igot)
                0x0000000000037000                . = DATA_SEGMENT_RELRO_END (., (SIZEOF (.got.plt) >= 0xc)?0xc:0x0)

.got.plt        0x0000000000037000        0x0
 *(.got.plt)
 *(.igot.plt)
 .igot.plt      0x0000000000000000        0x0 kernel/kernel.o

.data           0x0000000000037000      0x75c
 *(.data .data.* .gnu.linkonce.d.*)
 .data          0x0000000000037000        0x2 kernel/kernel.o
 .data          0x0000000000037002        0x0 kernel/start.o
 .data          0x0000000000037002        0x0 kernel/main.o
 .data          0x0000000000037002        0x0 kernel/clock.o
 *fill*         0x0000000000037002       0x1e 
 .data          0x0000000000037020      0x600 kernel/keyboard.o
                0x0000000000037020                keymap
 .data          0x0000000000037620        0x0 kernel/tty.o
 .data          0x0000000000037620        0x0 kernel/console.o
 .data          0x0000000000037620        0x0 kernel/i8259.o
 .data          0x0000000000037620      0x13c kernel/global.o
                0x0000000000037620                task_table
                0x00000000000376a0                user_proc_table
                0x0000000000037740                sys_call_table
 .data          0x000000000003775c        0x0 kernel/protect.o
 .data          0x000000000003775c        0x0 kernel/proc.o
 .data          0x000000000003775c        0x0 kernel/systask.o
 .data          0x000000000003775c        0x0 kernel/printf.o
 .data          0x000000000003775c        0x0 kernel/vsprintf.o
 .data          0x000000000003775c        0x0 kernel/queue.o
 .data          0x000000000003775c        0x0 lib/klib.o
 .data          0x000000000003775c        0x0 lib/misc.o

.data1
 *(.data1)
                0x000000000003775c                _edata = .
                0x000000000003775c                PROVIDE (edata, .)
                0x000000000003775c                . = .
                0x000000000003775c                __bss_start = .

.bss            0x0000000000037760    0x3a774
 *(.dynbss)
 *(.bss .bss.* .gnu.linkonce.b.*)
 .bss           0x0000000000037760      0x800 kernel/kernel.o
 .bss           0x0000000000037f60        0x0 kernel/start.o
 .bss           0x0000000000037f60        0x0 kernel/main.o
 .bss           0x0000000000037f60        0x0 kernel/clock.o
 .bss           0x0000000000037f60       0x58 kernel/keyboard.o
 .bss           0x0000000000037fb8        0x0 kernel/tty.o
 .bss           0x0000000000037fb8        0x0 kernel/console.o
 .bss           0x0000000000037fb8        0x0 kernel/i8259.o
 .bss           0x0000000000037fb8        0x0 kernel/global.o
 .bss           0x0000000000037fb8        0x0 kernel/protect.o
 .bss           0x0000000000037fb8        0x0 kernel/proc.o
 .bss           0x0000000000037fb8        0x0 kernel/systask.o
 .bss           0x0000000000037fb8        0x0 kernel/printf.o
 .bss           0x0000000000037fb8        0x0 kernel/vsprintf.o
 .bss           0x0000000000037fb8        0x0 kernel/queue.o
 .bss           0x0000000000037fb8        0x0 lib/klib.o
 .bss           0x0000000000037fb8        0x0 lib/misc.o
 *(COMMON)
 *fill*         0x0000000000037fb8        0x8 
 COMMON         0x0000000000037fc0    0x39f14 kernel/global.o
                0x0000000000037fc0                idt_ptr
                0x0000000000037fe0                waitingCustomersQueue
                0x0000000000038008                CHAIRS
                0x0000000000038020                task_stack
                0x0000000000070020                k_reenter
                0x0000000000070040                gdt
                0x0000000000070440                tty_table
                0x0000000000071080                tss
                0x0000000000071100                customers
                0x0000000000071130                nr_current_console
                0x0000000000071140                mutex
                0x0000000000071170                waiting
                0x0000000000071174                disp_pos
                0x0000000000071178                gdt_ptr
                0x0000000000071180                idt
                0x0000000000071980                customerID
                0x0000000000071984                ticks
                0x00000000000719a0                console_table
                0x00000000000719e0                irq_table
                0x0000000000071a20                p_proc_ready
                0x0000000000071a40                proc_table
                0x0000000000071ea0                barbers
                0x0000000000071ed0                current_proc
                0x0000000000071ed4                . = ALIGN ((. != 0x0)?0x4:0x1)
                0x0000000000071ed4                . = ALIGN (0x4)
                0x0000000000071ed4                . = SEGMENT_START ("ldata-segment", .)
                0x0000000000071ed4                . = ALIGN (0x4)
                0x0000000000071ed4                _end = .
                0x0000000000071ed4                PROVIDE (end, .)
                0x0000000000071ed4                . = DATA_SEGMENT_END (.)

.stab
 *(.stab)

.stabstr
 *(.stabstr)

.stab.excl
 *(.stab.excl)

.stab.exclstr
 *(.stab.exclstr)

.stab.index
 *(.stab.index)

.stab.indexstr
 *(.stab.indexstr)

.comment        0x0000000000000000       0x2b
 *(.comment)
 .comment       0x0000000000000000       0x2b kernel/start.o
                                         0x2c (size before relaxing)
 .comment       0x0000000000000000       0x2c kernel/main.o
 .comment       0x0000000000000000       0x2c kernel/clock.o
 .comment       0x0000000000000000       0x2c kernel/keyboard.o
 .comment       0x0000000000000000       0x2c kernel/tty.o
 .comment       0x0000000000000000       0x2c kernel/console.o
 .comment       0x0000000000000000       0x2c kernel/i8259.o
 .comment       0x0000000000000000       0x2c kernel/global.o
 .comment       0x0000000000000000       0x2c kernel/protect.o
 .comment       0x0000000000000000       0x2c kernel/proc.o
 .comment       0x0000000000000000       0x2c kernel/systask.o
 .comment       0x0000000000000000       0x2c kernel/printf.o
 .comment       0x0000000000000000       0x2c kernel/vsprintf.o
 .comment       0x0000000000000000       0x2c kernel/queue.o
 .comment       0x0000000000000000       0x2c lib/klib.o
 .comment       0x0000000000000000       0x2c lib/misc.o

.debug
 *(.debug)

.line
 *(.line)

.debug_srcinfo
 *(.debug_srcinfo)

.debug_sfnames
 *(.debug_sfnames)

.debug_aranges
 *(.debug_aranges)

.debug_pubnames
 *(.debug_pubnames)

.debug_info
 *(.debug_info .gnu.linkonce.wi.*)

.debug_abbrev
 *(.debug_abbrev)

.debug_line
 *(.debug_line .debug_line.* .debug_line_end)

.debug_frame
 *(.debug_frame)

.debug_str
 *(.debug_str)

.debug_loc
 *(.debug_loc)

.debug_macinfo
 *(.debug_macinfo)

.debug_weaknames
 *(.debug_weaknames)

.debug_funcnames
 *(.debug_funcnames)

.debug_typenames
 *(.debug_typenames)

.debug_varnames
 *(.debug_varnames)

.debug_pubtypes
 *(.debug_pubtypes)

.debug_ranges
 *(.debug_ranges)

.debug_macro
 *(.debug_macro)

.gnu.attributes
 *(.gnu.attributes)

/DISCARD/
 *(.note.GNU-stack)
 *(.gnu_debuglink)
 *(.gnu.lto_*)
OUTPUT(kernel.bin elf32-i386)
